// Jest Snapshot v1, https://goo.gl/fbAQLP

exports[`Breadcrumb matches snapshot 1`] = `
<div class="breadcrumb"><span>item-1</span><span><icon-stub icon="chevron-right"></icon-stub> item-2</span>
  <!--v-if-->
</div>
`;
