// Jest Snapshot v1, https://goo.gl/fbAQLP

exports[`Modal properly renders snapshot 1`] = `"Modal Trigger<stub></stub>"`;
